$ cadence help projects
exit 0
--- requests
--- stdout
usage: cadence projects <verb> [flags]

Verbs:
  adopt      Adopt a registry version into the project by reference
             --project PROJECT --if-match IF_MATCH [--dry-run] --body JSON
  archive    Archive a project (soft; reversible)
             --project PROJECT --if-match IF_MATCH [--dry-run]
  edit       Rename or re-describe a project
             --project PROJECT --if-match IF_MATCH [--dry-run] --body JSON
  get        Get a project
             --project PROJECT
  list       List projects
             [--archived]
  new        Create a project
             [--dry-run] --body JSON
  search     Search entities of this project and the registry with free text and qualifiers
             --project PROJECT [--q Q] [--limit N]

`cadence projects <verb> --help` describes one verb's flags and body.
--- stderr
