$ cadence help
exit 0
--- requests
--- stdout
usage: cadence <entity> <verb> [flags]
       cadence help [<entity> [<verb>]]
       cadence serve | admin | version

Every command is one API operation (<entity>.<verb>, the same name as the MCP tool and the UI command); the answer
is printed as JSON. Errors print the problem to standard error and exit 1; a wrong command line exits 2.
The help entity's own verbs read "cadence help get --id <article>" and "cadence help search --q <text>".

Entities:
  adoptions      list
  agentMessages  list new
  agentModels    list
  agentProfile   edit get
  agentSessions  accept cancel get list new pause resume revert
  aliases        get list set
  annotations    new
  approvals      approve deny get list
  artifacts      evict get
  audit          list
  auxiliaries    get list
  backups        get list new verify
  baseModels     get list
  batchItems     accept get list
  batches        freeze get list new
  boost          edit
  branches       accept compare get list revert
  checkpoints    average get list
  collections    get list
  compute        edit get list
  credentials    list new revoke
  datasets       evict freeze get list materialize preview
  defaults       get
  drafts         accept get list revert
  evals          gate get list new
  events         list
  experiments    get list new
  gates          edit get
  goldenSets     freeze get list
  help           get search
  invitations    list new
  jobLogs        list
  jobs           cancel edit get list pause resume wait
  langpacks      edit get list
  metrics        get
  mixes          edit get list new preview
  modelFamilies  get list
  models         get list register
  mounts         get list new scan verify
  normalizers    get list
  notificationRules edit list
  notificationSettings edit get
  pipelineRuns   cancel get list retry wait
  pipelines      list run
  playbooks      get list run
  policies       edit get
  projects       adopt archive edit get list new note search sync
  queueEntries   list
  recipes        edit get list new
  registry       lineage search
  runs           calibrate get list new resume stage
  runtimes       get list
  secrets        list new
  sources        archive edit get list new
  stepKinds      get list
  storage        get
  sweeps         run
  telegramBot    set verify
  templates      get list
  triage         accept correct list reject
  utterances     get list search

Global flags:
  --url URL               control plane (env CADENCE_URL, default http://127.0.0.1:8080; /api is appended)
  --token TOKEN           API key, sent as a Bearer token (env CADENCE_TOKEN; create one with credentials new)
  --idempotency-key KEY   commands only: reuse a key to replay a command's first result (default: a new key)
  -h, --help              this command's flags
--- stderr
